I'm sorry, but errors were detected in your script. Please correct the
errors listed below, and try again.


File "game/script.rpy", line 270: is not terminated with a newline. (Check strings and parenthesis.)
(Perhaps you left out a " at the end of the first line.)
            "

Ren'Py Version: Ren'Py 7.3.5.606
Fri Dec 11 15:45:12 2020
